time="2026-09-06T05:20:42Z" level=info msg="Argo Rollouts controller starting" healthzPort=8080 instanceID= metricsPort=8090 namespace= version=v1.10.0+d90700a
time="2026-09-06T05:21:22Z" level=info msg="Creating event broadcaster"
time="2026-09-06T05:21:22Z" level=info msg="Setting up event handlers"
time="2026-09-06T05:21:22Z" level=info msg="Setting up experiments event handlers"
time="2026-09-06T05:21:22Z" level=info msg="Setting up analysis event handlers"
time="2026-09-06T05:21:26Z" level=info msg="Copied plugin from /plugins/kubepulse-network-regression to /home/argo-rollouts/plugin-bin/kubepulse/network-regression"
time="2026-09-06T05:21:26Z" level=info msg="Starting Healthz Server at 0.0.0.0:8080"
time="2026-09-06T05:21:26Z" level=info msg="Starting Metric Server at 0.0.0.0:8090"
time="2026-09-06T05:21:26Z" level=info msg="Leaderelection get id argo-rollouts-55bf49c7bd-d2jwx_6a9ce5ae-5150-46fd-94ea-fd5457dcd5c3"
time="2026-09-06T05:21:26Z" level=info msg="Using leader election lease lock name argo-rollouts-controller-lock"
time="2026-09-06T05:21:26Z" level=info msg="attempting to acquire leader lease argo-rollouts/argo-rollouts-controller-lock..."
time="2026-09-06T05:21:27Z" level=info msg="New leader elected: argo-rollouts-55bf49c7bd-d2jwx_e761b493-0073-4ff0-8074-3804b4eee485"
time="2026-09-06T05:21:49Z" level=info msg="successfully acquired lease argo-rollouts/argo-rollouts-controller-lock"
time="2026-09-06T05:21:49Z" level=info msg="I am the new leader: argo-rollouts-55bf49c7bd-d2jwx_6a9ce5ae-5150-46fd-94ea-fd5457dcd5c3"
time="2026-09-06T05:21:49Z" level=info msg="Starting Controllers"
time="2026-09-06T05:21:49Z" level=info msg="New leader elected: argo-rollouts-55bf49c7bd-d2jwx_6a9ce5ae-5150-46fd-94ea-fd5457dcd5c3"
time="2026-09-06T05:21:51Z" level=error msg="Failed to watch" error="failed to list argoproj.io/v1alpha1, Resource=rollouts: the server could not find the requested resource" logger=UnhandledError reflector="pkg/mod/k8s.io/client-go@v0.34.5/tools/cache/reflector.go:290" type="argoproj.io/v1alpha1, Resource=rollouts"
time="2026-09-06T05:21:51Z" level=error msg="Failed to watch" error="failed to list argoproj.io/v1alpha1, Resource=analysisruns: the server could not find the requested resource" logger=UnhandledError reflector="pkg/mod/k8s.io/client-go@v0.34.5/tools/cache/reflector.go:290" type="argoproj.io/v1alpha1, Resource=analysisruns"
time="2026-09-06T05:21:51Z" level=info msg="invalidated cache for resource in namespace: argo-rollouts with the name: argo-rollouts-notification-secret"
time="2026-09-06T05:21:51Z" level=info msg="Waiting for controller's informer caches to sync"
time="2026-09-06T05:21:52Z" level=error msg="Failed to watch" error="failed to list argoproj.io/v1alpha1, Resource=analysisruns: the server could not find the requested resource" logger=UnhandledError reflector="pkg/mod/k8s.io/client-go@v0.34.5/tools/cache/reflector.go:290" type="argoproj.io/v1alpha1, Resource=analysisruns"
time="2026-09-06T05:21:53Z" level=error msg="Failed to watch" error="failed to list argoproj.io/v1alpha1, Resource=rollouts: the server could not find the requested resource" logger=UnhandledError reflector="pkg/mod/k8s.io/client-go@v0.34.5/tools/cache/reflector.go:290" type="argoproj.io/v1alpha1, Resource=rollouts"
time="2026-09-06T05:21:55Z" level=error msg="Failed to watch" error="failed to list argoproj.io/v1alpha1, Resource=rollouts: the server could not find the requested resource" logger=UnhandledError reflector="pkg/mod/k8s.io/client-go@v0.34.5/tools/cache/reflector.go:290" type="argoproj.io/v1alpha1, Resource=rollouts"
time="2026-09-06T05:21:55Z" level=error msg="Failed to watch" error="failed to list argoproj.io/v1alpha1, Resource=analysisruns: the server could not find the requested resource" logger=UnhandledError reflector="pkg/mod/k8s.io/client-go@v0.34.5/tools/cache/reflector.go:290" type="argoproj.io/v1alpha1, Resource=analysisruns"
time="2026-09-06T05:22:00Z" level=error msg="Failed to watch" error="failed to list argoproj.io/v1alpha1, Resource=rollouts: the server could not find the requested resource" logger=UnhandledError reflector="pkg/mod/k8s.io/client-go@v0.34.5/tools/cache/reflector.go:290" type="argoproj.io/v1alpha1, Resource=rollouts"
time="2026-09-06T05:22:02Z" level=error msg="Failed to watch" error="failed to list argoproj.io/v1alpha1, Resource=analysisruns: the server could not find the requested resource" logger=UnhandledError reflector="pkg/mod/k8s.io/client-go@v0.34.5/tools/cache/reflector.go:290" type="argoproj.io/v1alpha1, Resource=analysisruns"
time="2026-09-06T05:22:11Z" level=error msg="Failed to watch" error="failed to list argoproj.io/v1alpha1, Resource=rollouts: the server could not find the requested resource" logger=UnhandledError reflector="pkg/mod/k8s.io/client-go@v0.34.5/tools/cache/reflector.go:290" type="argoproj.io/v1alpha1, Resource=rollouts"
time="2026-09-06T05:22:31Z" level=info msg="Starting Ingress workers"
time="2026-09-06T05:22:31Z" level=info msg="Started controller"
time="2026-09-06T05:22:31Z" level=info msg="Starting Experiment workers"
time="2026-09-06T05:22:31Z" level=info msg="Started Ingress workers"
time="2026-09-06T05:22:31Z" level=warning msg="Controller is running."
time="2026-09-06T05:22:31Z" level=info msg="Started Experiment workers"
time="2026-09-06T05:22:31Z" level=info msg="Starting Service workers"
time="2026-09-06T05:22:31Z" level=info msg="Starting analysis workers"
time="2026-09-06T05:22:31Z" level=info msg="Starting Rollout workers"
time="2026-09-06T05:22:31Z" level=info msg="Started 30 analysis workers"
time="2026-09-06T05:22:31Z" level=info msg="Started rollout workers"
time="2026-09-06T05:22:31Z" level=info msg="Started Service workers"
time="2026-09-06T05:22:55Z" level=info msg="Started syncing Analysis at (2026-09-06 05:22:55.427386883 +0000 UTC m=+262.525448914)" analysisrun=kubepulse-real-network-regression namespace=kubepulse-e2e
time="2026-09-06T05:22:55Z" level=info msg="Running initial measurement" analysisrun=kubepulse-real-network-regression metric=kubepulse-network-regression namespace=kubepulse-e2e
time="2026-09-06T05:22:55Z" level=info msg="Taking 1 Measurement(s)..." analysisrun=kubepulse-real-network-regression namespace=kubepulse-e2e
2026-09-06T05:22:55.492Z [DEBUG] plugin: starting plugin: path=/home/argo-rollouts/plugin-bin/kubepulse/network-regression args=["/home/argo-rollouts/plugin-bin/kubepulse/network-regression"]
2026-09-06T05:22:55.500Z [DEBUG] plugin: plugin started: path=/home/argo-rollouts/plugin-bin/kubepulse/network-regression pid=25
2026-09-06T05:22:55.500Z [DEBUG] plugin: waiting for RPC address: plugin=/home/argo-rollouts/plugin-bin/kubepulse/network-regression
2026-09-06T05:22:56.801Z [DEBUG] plugin.network-regression: plugin address: network=unix address=/tmp/plugin895299374 timestamp=2026-09-06T05:22:56.254Z
2026-09-06T05:22:56.802Z [DEBUG] plugin: using plugin: version=1
time="2026-09-06T05:22:58Z" level=info msg="Measurement Completed. Result: Failed" analysisrun=kubepulse-real-network-regression metric=kubepulse-network-regression namespace=kubepulse-e2e
time="2026-09-06T05:22:58Z" level=info msg="Metric Assessment Result - Failed: failed (1) > failureLimit (0)" metric=kubepulse-network-regression
time="2026-09-06T05:22:58Z" level=info msg="Metric 'kubepulse-network-regression' transitioned from Running -> Failed" analysisrun=kubepulse-real-network-regression metric=kubepulse-network-regression namespace=kubepulse-e2e
time="2026-09-06T05:22:58Z" level=info msg="Event(v1.ObjectReference{Kind:\"AnalysisRun\", Namespace:\"kubepulse-e2e\", Name:\"kubepulse-real-network-regression\", UID:\"74c445d7-f27e-47f8-949f-f298997bdee9\", APIVersion:\"argoproj.io/v1alpha1\", ResourceVersion:\"18393\", FieldPath:\"\"}): type: 'Warning' reason: 'MetricFailed' Metric 'kubepulse-network-regression' Completed. Result: Failed"
time="2026-09-06T05:22:58Z" level=warning msg="Metric 'kubepulse-network-regression' Completed. Result: Failed" analysisrun=kubepulse-real-network-regression event_reason=MetricFailed namespace=kubepulse-e2e
time="2026-09-06T05:22:58Z" level=warning msg="Analysis Completed. Result: Failed" analysisrun=kubepulse-real-network-regression event_reason=AnalysisRunFailed namespace=kubepulse-e2e
time="2026-09-06T05:22:58Z" level=info msg="Event(v1.ObjectReference{Kind:\"AnalysisRun\", Namespace:\"kubepulse-e2e\", Name:\"kubepulse-real-network-regression\", UID:\"74c445d7-f27e-47f8-949f-f298997bdee9\", APIVersion:\"argoproj.io/v1alpha1\", ResourceVersion:\"18393\", FieldPath:\"\"}): type: 'Warning' reason: 'AnalysisRunFailed' Analysis Completed. Result: Failed"
time="2026-09-06T05:22:58Z" level=info msg="Patch status successfully" analysisrun=kubepulse-real-network-regression namespace=kubepulse-e2e
time="2026-09-06T05:22:58Z" level=info msg="Reconciliation completed" analysisrun=kubepulse-real-network-regression namespace=kubepulse-e2e time_ms=2741.3617930000005
time="2026-09-06T05:22:58Z" level=info msg="Started syncing Analysis at (2026-09-06 05:22:58.168891259 +0000 UTC m=+265.266953207)" analysisrun=kubepulse-real-network-regression namespace=kubepulse-e2e
time="2026-09-06T05:22:58Z" level=info msg="No status changes. Skipping patch" analysisrun=kubepulse-real-network-regression namespace=kubepulse-e2e
time="2026-09-06T05:22:58Z" level=info msg="Reconciliation completed" analysisrun=kubepulse-real-network-regression namespace=kubepulse-e2e time_ms=1.4144999999999999
